{"level":"error","message":"❌ MongoDB connection failed (attempt 1): Invalid scheme, expected connection string to start with \"mongodb://\" or \"mongodb+srv://\"","service":"noaclub-backend","timestamp":"2025-11-13 22:22:20"}
{"level":"info","message":"Retrying connection in 5 seconds...","service":"noaclub-backend","timestamp":"2025-11-13 22:22:20"}
{"code":"ECONNREFUSED","level":"error","message":"Redis client error:","service":"noaclub-backend","stack":"AggregateError [ECONNREFUSED]: \n    at internalConnectMultiple (node:net:1117:18)\n    at afterConnectMultiple (node:net:1684:7)","timestamp":"2025-11-13 22:22:20"}
{"level":"info","message":"Redis client reconnecting","service":"noaclub-backend","timestamp":"2025-11-13 22:22:20"}
{"code":"ECONNREFUSED","level":"error","message":"Redis client error:","service":"noaclub-backend","stack":"AggregateError [ECONNREFUSED]: \n    at internalConnectMultiple (node:net:1117:18)\n    at afterConnectMultiple (node:net:1684:7)","timestamp":"2025-11-13 22:22:20"}
{"level":"info","message":"Redis client reconnecting","service":"noaclub-backend","timestamp":"2025-11-13 22:22:20"}
{"code":"ECONNREFUSED","level":"error","message":"Redis client error:","service":"noaclub-backend","stack":"AggregateError [ECONNREFUSED]: \n    at internalConnectMultiple (node:net:1117:18)\n    at afterConnectMultiple (node:net:1684:7)","timestamp":"2025-11-13 22:22:20"}
{"level":"info","message":"Redis client reconnecting","service":"noaclub-backend","timestamp":"2025-11-13 22:22:20"}
{"code":"ECONNREFUSED","level":"error","message":"Redis client error:","service":"noaclub-backend","stack":"AggregateError [ECONNREFUSED]: \n    at internalConnectMultiple (node:net:1117:18)\n    at afterConnectMultiple (node:net:1684:7)","timestamp":"2025-11-13 22:22:20"}
{"level":"info","message":"Redis client reconnecting","service":"noaclub-backend","timestamp":"2025-11-13 22:22:21"}
{"code":"ECONNREFUSED","level":"error","message":"Redis client error:","service":"noaclub-backend","stack":"AggregateError [ECONNREFUSED]: \n    at internalConnectMultiple (node:net:1117:18)\n    at afterConnectMultiple (node:net:1684:7)","timestamp":"2025-11-13 22:22:21"}
{"level":"info","message":"Redis client reconnecting","service":"noaclub-backend","timestamp":"2025-11-13 22:22:21"}
{"code":"ECONNREFUSED","level":"error","message":"Redis client error:","service":"noaclub-backend","stack":"AggregateError [ECONNREFUSED]: \n    at internalConnectMultiple (node:net:1117:18)\n    at afterConnectMultiple (node:net:1684:7)","timestamp":"2025-11-13 22:22:21"}
{"level":"info","message":"Redis client reconnecting","service":"noaclub-backend","timestamp":"2025-11-13 22:22:22"}
{"code":"ECONNREFUSED","level":"error","message":"Redis client error:","service":"noaclub-backend","stack":"AggregateError [ECONNREFUSED]: \n    at internalConnectMultiple (node:net:1117:18)\n    at afterConnectMultiple (node:net:1684:7)","timestamp":"2025-11-13 22:22:22"}
{"level":"info","message":"Redis client reconnecting","service":"noaclub-backend","timestamp":"2025-11-13 22:22:22"}
{"code":"ECONNREFUSED","level":"error","message":"Redis client error:","service":"noaclub-backend","stack":"AggregateError [ECONNREFUSED]: \n    at internalConnectMultiple (node:net:1117:18)\n    at afterConnectMultiple (node:net:1684:7)","timestamp":"2025-11-13 22:22:22"}
{"level":"info","message":"Redis client reconnecting","service":"noaclub-backend","timestamp":"2025-11-13 22:22:23"}
{"code":"ECONNREFUSED","level":"error","message":"Redis client error:","service":"noaclub-backend","stack":"AggregateError [ECONNREFUSED]: \n    at internalConnectMultiple (node:net:1117:18)\n    at afterConnectMultiple (node:net:1684:7)","timestamp":"2025-11-13 22:22:23"}
{"level":"info","message":"Redis client reconnecting","service":"noaclub-backend","timestamp":"2025-11-13 22:22:24"}
{"code":"ECONNREFUSED","level":"error","message":"Redis client error:","service":"noaclub-backend","stack":"AggregateError [ECONNREFUSED]: \n    at internalConnectMultiple (node:net:1117:18)\n    at afterConnectMultiple (node:net:1684:7)","timestamp":"2025-11-13 22:22:24"}
{"level":"info","message":"Redis client reconnecting","service":"noaclub-backend","timestamp":"2025-11-13 22:22:25"}
{"code":"ECONNREFUSED","level":"error","message":"Redis client error:","service":"noaclub-backend","stack":"AggregateError [ECONNREFUSED]: \n    at internalConnectMultiple (node:net:1117:18)\n    at afterConnectMultiple (node:net:1684:7)","timestamp":"2025-11-13 22:22:25"}
{"level":"error","message":"❌ MongoDB connection failed (attempt 2): Invalid scheme, expected connection string to start with \"mongodb://\" or \"mongodb+srv://\"","service":"noaclub-backend","timestamp":"2025-11-13 22:22:25"}
{"level":"info","message":"Retrying connection in 5 seconds...","service":"noaclub-backend","timestamp":"2025-11-13 22:22:25"}
{"level":"info","message":"Redis client reconnecting","service":"noaclub-backend","timestamp":"2025-11-13 22:22:26"}
{"level":"error","message":"Too many retries on Redis. Connection Terminated","service":"noaclub-backend","timestamp":"2025-11-13 22:22:26"}
{"level":"error","message":"❌ MongoDB connection failed (attempt 1): Invalid scheme, expected connection string to start with \"mongodb://\" or \"mongodb+srv://\"","service":"noaclub-backend","timestamp":"2025-11-13 22:25:01"}
{"level":"info","message":"Retrying connection in 5 seconds...","service":"noaclub-backend","timestamp":"2025-11-13 22:25:01"}
{"code":"ECONNREFUSED","level":"error","message":"Redis client error:","service":"noaclub-backend","stack":"AggregateError [ECONNREFUSED]: \n    at internalConnectMultiple (node:net:1117:18)\n    at afterConnectMultiple (node:net:1684:7)","timestamp":"2025-11-13 22:25:01"}
{"level":"info","message":"Redis client reconnecting","service":"noaclub-backend","timestamp":"2025-11-13 22:25:01"}
{"code":"ECONNREFUSED","level":"error","message":"Redis client error:","service":"noaclub-backend","stack":"AggregateError [ECONNREFUSED]: \n    at internalConnectMultiple (node:net:1117:18)\n    at afterConnectMultiple (node:net:1684:7)","timestamp":"2025-11-13 22:25:01"}
{"level":"info","message":"Redis client reconnecting","service":"noaclub-backend","timestamp":"2025-11-13 22:25:02"}
{"code":"ECONNREFUSED","level":"error","message":"Redis client error:","service":"noaclub-backend","stack":"AggregateError [ECONNREFUSED]: \n    at internalConnectMultiple (node:net:1117:18)\n    at afterConnectMultiple (node:net:1684:7)","timestamp":"2025-11-13 22:25:02"}
{"level":"info","message":"Redis client reconnecting","service":"noaclub-backend","timestamp":"2025-11-13 22:25:02"}
{"code":"ECONNREFUSED","level":"error","message":"Redis client error:","service":"noaclub-backend","stack":"AggregateError [ECONNREFUSED]: \n    at internalConnectMultiple (node:net:1117:18)\n    at afterConnectMultiple (node:net:1684:7)","timestamp":"2025-11-13 22:25:02"}
{"level":"info","message":"Redis client reconnecting","service":"noaclub-backend","timestamp":"2025-11-13 22:25:02"}
{"code":"ECONNREFUSED","level":"error","message":"Redis client error:","service":"noaclub-backend","stack":"AggregateError [ECONNREFUSED]: \n    at internalConnectMultiple (node:net:1117:18)\n    at afterConnectMultiple (node:net:1684:7)","timestamp":"2025-11-13 22:25:02"}
{"level":"info","message":"Redis client reconnecting","service":"noaclub-backend","timestamp":"2025-11-13 22:25:02"}
{"code":"ECONNREFUSED","level":"error","message":"Redis client error:","service":"noaclub-backend","stack":"AggregateError [ECONNREFUSED]: \n    at internalConnectMultiple (node:net:1117:18)\n    at afterConnectMultiple (node:net:1684:7)","timestamp":"2025-11-13 22:25:02"}
{"level":"info","message":"Redis client reconnecting","service":"noaclub-backend","timestamp":"2025-11-13 22:25:03"}
{"code":"ECONNREFUSED","level":"error","message":"Redis client error:","service":"noaclub-backend","stack":"AggregateError [ECONNREFUSED]: \n    at internalConnectMultiple (node:net:1117:18)\n    at afterConnectMultiple (node:net:1684:7)","timestamp":"2025-11-13 22:25:03"}
{"level":"info","message":"Redis client reconnecting","service":"noaclub-backend","timestamp":"2025-11-13 22:25:04"}
{"code":"ECONNREFUSED","level":"error","message":"Redis client error:","service":"noaclub-backend","stack":"AggregateError [ECONNREFUSED]: \n    at internalConnectMultiple (node:net:1117:18)\n    at afterConnectMultiple (node:net:1684:7)","timestamp":"2025-11-13 22:25:04"}
{"level":"info","message":"Redis client reconnecting","service":"noaclub-backend","timestamp":"2025-11-13 22:25:04"}
{"code":"ECONNREFUSED","level":"error","message":"Redis client error:","service":"noaclub-backend","stack":"AggregateError [ECONNREFUSED]: \n    at internalConnectMultiple (node:net:1117:18)\n    at afterConnectMultiple (node:net:1684:7)","timestamp":"2025-11-13 22:25:04"}
{"level":"info","message":"Redis client reconnecting","service":"noaclub-backend","timestamp":"2025-11-13 22:25:05"}
{"code":"ECONNREFUSED","level":"error","message":"Redis client error:","service":"noaclub-backend","stack":"AggregateError [ECONNREFUSED]: \n    at internalConnectMultiple (node:net:1117:18)\n    at afterConnectMultiple (node:net:1684:7)","timestamp":"2025-11-13 22:25:05"}
{"level":"info","message":"Redis client reconnecting","service":"noaclub-backend","timestamp":"2025-11-13 22:25:06"}
{"code":"ECONNREFUSED","level":"error","message":"Redis client error:","service":"noaclub-backend","stack":"AggregateError [ECONNREFUSED]: \n    at internalConnectMultiple (node:net:1117:18)\n    at afterConnectMultiple (node:net:1684:7)","timestamp":"2025-11-13 22:25:06"}
{"level":"error","message":"❌ MongoDB connection failed (attempt 2): Invalid scheme, expected connection string to start with \"mongodb://\" or \"mongodb+srv://\"","service":"noaclub-backend","timestamp":"2025-11-13 22:25:06"}
{"level":"info","message":"Retrying connection in 5 seconds...","service":"noaclub-backend","timestamp":"2025-11-13 22:25:06"}
{"level":"info","message":"Redis client reconnecting","service":"noaclub-backend","timestamp":"2025-11-13 22:25:07"}
{"level":"error","message":"Too many retries on Redis. Connection Terminated","service":"noaclub-backend","timestamp":"2025-11-13 22:25:07"}
{"level":"error","message":"❌ MongoDB connection failed (attempt 1): Invalid scheme, expected connection string to start with \"mongodb://\" or \"mongodb+srv://\"","service":"noaclub-backend","timestamp":"2025-11-13 22:25:39"}
{"level":"info","message":"Retrying connection in 5 seconds...","service":"noaclub-backend","timestamp":"2025-11-13 22:25:39"}
{"code":"ECONNREFUSED","level":"error","message":"Redis client error:","service":"noaclub-backend","stack":"AggregateError [ECONNREFUSED]: \n    at internalConnectMultiple (node:net:1117:18)\n    at afterConnectMultiple (node:net:1684:7)","timestamp":"2025-11-13 22:25:39"}
{"level":"info","message":"Redis client reconnecting","service":"noaclub-backend","timestamp":"2025-11-13 22:25:39"}
{"code":"ECONNREFUSED","level":"error","message":"Redis client error:","service":"noaclub-backend","stack":"AggregateError [ECONNREFUSED]: \n    at internalConnectMultiple (node:net:1117:18)\n    at afterConnectMultiple (node:net:1684:7)","timestamp":"2025-11-13 22:25:39"}
{"level":"info","message":"Redis client reconnecting","service":"noaclub-backend","timestamp":"2025-11-13 22:25:39"}
{"code":"ECONNREFUSED","level":"error","message":"Redis client error:","service":"noaclub-backend","stack":"AggregateError [ECONNREFUSED]: \n    at internalConnectMultiple (node:net:1117:18)\n    at afterConnectMultiple (node:net:1684:7)","timestamp":"2025-11-13 22:25:39"}
{"level":"info","message":"Redis client reconnecting","service":"noaclub-backend","timestamp":"2025-11-13 22:25:40"}
{"code":"ECONNREFUSED","level":"error","message":"Redis client error:","service":"noaclub-backend","stack":"AggregateError [ECONNREFUSED]: \n    at internalConnectMultiple (node:net:1117:18)\n    at afterConnectMultiple (node:net:1684:7)","timestamp":"2025-11-13 22:25:40"}
{"level":"info","message":"Redis client reconnecting","service":"noaclub-backend","timestamp":"2025-11-13 22:25:40"}
{"code":"ECONNREFUSED","level":"error","message":"Redis client error:","service":"noaclub-backend","stack":"AggregateError [ECONNREFUSED]: \n    at internalConnectMultiple (node:net:1117:18)\n    at afterConnectMultiple (node:net:1684:7)","timestamp":"2025-11-13 22:25:40"}
{"level":"info","message":"Redis client reconnecting","service":"noaclub-backend","timestamp":"2025-11-13 22:25:40"}
{"code":"ECONNREFUSED","level":"error","message":"Redis client error:","service":"noaclub-backend","stack":"AggregateError [ECONNREFUSED]: \n    at internalConnectMultiple (node:net:1117:18)\n    at afterConnectMultiple (node:net:1684:7)","timestamp":"2025-11-13 22:25:40"}
{"level":"info","message":"Redis client reconnecting","service":"noaclub-backend","timestamp":"2025-11-13 22:25:41"}
{"code":"ECONNREFUSED","level":"error","message":"Redis client error:","service":"noaclub-backend","stack":"AggregateError [ECONNREFUSED]: \n    at internalConnectMultiple (node:net:1117:18)\n    at afterConnectMultiple (node:net:1684:7)","timestamp":"2025-11-13 22:25:41"}
{"level":"info","message":"Redis client reconnecting","service":"noaclub-backend","timestamp":"2025-11-13 22:25:41"}
{"code":"ECONNREFUSED","level":"error","message":"Redis client error:","service":"noaclub-backend","stack":"AggregateError [ECONNREFUSED]: \n    at internalConnectMultiple (node:net:1117:18)\n    at afterConnectMultiple (node:net:1684:7)","timestamp":"2025-11-13 22:25:41"}
{"level":"info","message":"Redis client reconnecting","service":"noaclub-backend","timestamp":"2025-11-13 22:25:42"}
{"code":"ECONNREFUSED","level":"error","message":"Redis client error:","service":"noaclub-backend","stack":"AggregateError [ECONNREFUSED]: \n    at internalConnectMultiple (node:net:1117:18)\n    at afterConnectMultiple (node:net:1684:7)","timestamp":"2025-11-13 22:25:42"}
{"level":"info","message":"Redis client reconnecting","service":"noaclub-backend","timestamp":"2025-11-13 22:25:43"}
{"code":"ECONNREFUSED","level":"error","message":"Redis client error:","service":"noaclub-backend","stack":"AggregateError [ECONNREFUSED]: \n    at internalConnectMultiple (node:net:1117:18)\n    at afterConnectMultiple (node:net:1684:7)","timestamp":"2025-11-13 22:25:43"}
{"level":"info","message":"Redis client reconnecting","service":"noaclub-backend","timestamp":"2025-11-13 22:25:44"}
{"code":"ECONNREFUSED","level":"error","message":"Redis client error:","service":"noaclub-backend","stack":"AggregateError [ECONNREFUSED]: \n    at internalConnectMultiple (node:net:1117:18)\n    at afterConnectMultiple (node:net:1684:7)","timestamp":"2025-11-13 22:25:44"}
{"level":"error","message":"❌ MongoDB connection failed (attempt 2): Invalid scheme, expected connection string to start with \"mongodb://\" or \"mongodb+srv://\"","service":"noaclub-backend","timestamp":"2025-11-13 22:25:44"}
{"level":"info","message":"Retrying connection in 5 seconds...","service":"noaclub-backend","timestamp":"2025-11-13 22:25:44"}
{"level":"info","message":"Redis client reconnecting","service":"noaclub-backend","timestamp":"2025-11-13 22:25:45"}
{"level":"error","message":"Too many retries on Redis. Connection Terminated","service":"noaclub-backend","timestamp":"2025-11-13 22:25:45"}
{"level":"info","message":"✅ MongoDB connected successfully","service":"noaclub-backend","timestamp":"2025-11-13 22:27:09"}
{"code":"ECONNREFUSED","level":"error","message":"Redis client error:","service":"noaclub-backend","stack":"AggregateError [ECONNREFUSED]: \n    at internalConnectMultiple (node:net:1117:18)\n    at afterConnectMultiple (node:net:1684:7)","timestamp":"2025-11-13 22:27:09"}
{"level":"info","message":"Redis client reconnecting","service":"noaclub-backend","timestamp":"2025-11-13 22:27:09"}
{"code":"ECONNREFUSED","level":"error","message":"Redis client error:","service":"noaclub-backend","stack":"AggregateError [ECONNREFUSED]: \n    at internalConnectMultiple (node:net:1117:18)\n    at afterConnectMultiple (node:net:1684:7)","timestamp":"2025-11-13 22:27:09"}
{"level":"info","message":"Redis client reconnecting","service":"noaclub-backend","timestamp":"2025-11-13 22:27:09"}
{"code":"ECONNREFUSED","level":"error","message":"Redis client error:","service":"noaclub-backend","stack":"AggregateError [ECONNREFUSED]: \n    at internalConnectMultiple (node:net:1117:18)\n    at afterConnectMultiple (node:net:1684:7)","timestamp":"2025-11-13 22:27:09"}
{"level":"info","message":"Redis client reconnecting","service":"noaclub-backend","timestamp":"2025-11-13 22:27:09"}
{"code":"ECONNREFUSED","level":"error","message":"Redis client error:","service":"noaclub-backend","stack":"AggregateError [ECONNREFUSED]: \n    at internalConnectMultiple (node:net:1117:18)\n    at afterConnectMultiple (node:net:1684:7)","timestamp":"2025-11-13 22:27:09"}
{"level":"info","message":"Redis client reconnecting","service":"noaclub-backend","timestamp":"2025-11-13 22:27:10"}
{"code":"ECONNREFUSED","level":"error","message":"Redis client error:","service":"noaclub-backend","stack":"AggregateError [ECONNREFUSED]: \n    at internalConnectMultiple (node:net:1117:18)\n    at afterConnectMultiple (node:net:1684:7)","timestamp":"2025-11-13 22:27:10"}
{"level":"info","message":"Redis client reconnecting","service":"noaclub-backend","timestamp":"2025-11-13 22:27:10"}
{"code":"ECONNREFUSED","level":"error","message":"Redis client error:","service":"noaclub-backend","stack":"AggregateError [ECONNREFUSED]: \n    at internalConnectMultiple (node:net:1117:18)\n    at afterConnectMultiple (node:net:1684:7)","timestamp":"2025-11-13 22:27:10"}
{"level":"info","message":"Redis client reconnecting","service":"noaclub-backend","timestamp":"2025-11-13 22:27:10"}
{"code":"ECONNREFUSED","level":"error","message":"Redis client error:","service":"noaclub-backend","stack":"AggregateError [ECONNREFUSED]: \n    at internalConnectMultiple (node:net:1117:18)\n    at afterConnectMultiple (node:net:1684:7)","timestamp":"2025-11-13 22:27:10"}
{"level":"info","message":"Redis client reconnecting","service":"noaclub-backend","timestamp":"2025-11-13 22:27:11"}
{"code":"ECONNREFUSED","level":"error","message":"Redis client error:","service":"noaclub-backend","stack":"AggregateError [ECONNREFUSED]: \n    at internalConnectMultiple (node:net:1117:18)\n    at afterConnectMultiple (node:net:1684:7)","timestamp":"2025-11-13 22:27:11"}
{"level":"info","message":"Redis client reconnecting","service":"noaclub-backend","timestamp":"2025-11-13 22:27:12"}
{"code":"ECONNREFUSED","level":"error","message":"Redis client error:","service":"noaclub-backend","stack":"AggregateError [ECONNREFUSED]: \n    at internalConnectMultiple (node:net:1117:18)\n    at afterConnectMultiple (node:net:1684:7)","timestamp":"2025-11-13 22:27:12"}
{"level":"info","message":"Redis client reconnecting","service":"noaclub-backend","timestamp":"2025-11-13 22:27:13"}
{"code":"ECONNREFUSED","level":"error","message":"Redis client error:","service":"noaclub-backend","stack":"AggregateError [ECONNREFUSED]: \n    at internalConnectMultiple (node:net:1117:18)\n    at afterConnectMultiple (node:net:1684:7)","timestamp":"2025-11-13 22:27:13"}
{"level":"info","message":"Redis client reconnecting","service":"noaclub-backend","timestamp":"2025-11-13 22:27:14"}
{"code":"ECONNREFUSED","level":"error","message":"Redis client error:","service":"noaclub-backend","stack":"AggregateError [ECONNREFUSED]: \n    at internalConnectMultiple (node:net:1117:18)\n    at afterConnectMultiple (node:net:1684:7)","timestamp":"2025-11-13 22:27:14"}
{"level":"info","message":"Redis client reconnecting","service":"noaclub-backend","timestamp":"2025-11-13 22:27:15"}
{"level":"error","message":"Too many retries on Redis. Connection Terminated","service":"noaclub-backend","timestamp":"2025-11-13 22:27:15"}
{"level":"info","message":"CACHE_ENABLED is false. Skipping Redis setup.","service":"noaclub-backend","timestamp":"2025-11-13 22:37:40"}
{"level":"info","message":"✅ MongoDB connected successfully","service":"noaclub-backend","timestamp":"2025-11-13 22:37:41"}
{"level":"info","message":"CACHE_ENABLED is false. Skipping Redis setup.","service":"noaclub-backend","timestamp":"2025-11-13 22:51:42"}
{"level":"info","message":"✅ MongoDB connected successfully","service":"noaclub-backend","timestamp":"2025-11-13 22:51:43"}
{"level":"info","message":"CACHE_ENABLED is false. Skipping Redis setup.","service":"noaclub-backend","timestamp":"2025-11-13 23:20:10"}
{"level":"info","message":"✅ MongoDB connected successfully","service":"noaclub-backend","timestamp":"2025-11-13 23:20:10"}
